packed dolls:

name   weight  value
a          56     50
b          59     50
e          75     50
