packed dolls:

name   weight  value
a          23     92
b          31     57
c          29     49
d          44     68
f          38     43
