packed dolls:

name   weight  value
h           2      5
g           2      5
e          25     70
d           5     20
c          45    450
a          25    350
