packed dolls:

name   weight  value
a          31     70
d          19     37
