packed dolls:

name   weight  value
d           8     15
c          11     23
b           7     13
