packed dolls:

name   weight  value
g          60    617
d          59    593
b          50    525
