packed dolls:

name   weight  value
o         120    240
n         118    229
i          98    192
h          94    184
g          90    173
e          82    156
c          77    149
a          70    135
